=== iteration 1 (Sat Aug 15 11:18:34 GTBDT 2026) ===
454 channel(s) to check (already-exhausted channels skipped)
  Dani McFly: +59  -> exhausted, won't recheck
  OCB Relax Music: +400  -> target reached
  Mediterranean Lounge Buddha Dj - Topic: +138  -> exhausted, won't recheck
  BGM channel: +400  -> target reached
  Chill House Mix: +390  -> exhausted, won't recheck
  Dott. Raffaele Di Gioia: +2  -> exhausted, won't recheck
  Relaxing Music: +161  -> exhausted, won't recheck
  FASHION COVERS CHANNEL: +118  -> exhausted, won't recheck
  AllLegendsOfMusic: +400  -> target reached
  Jazz and Blues Experience: +400  -> target reached
  Relax Night and Day - Beautiful Nature & Sounds: +400  -> target reached
  MusicFlow: +140  -> exhausted, won't recheck
  Dave Jones: +137  -> exhausted, won't recheck
  pannonphilharmonic: +380  -> exhausted, won't recheck
  Chill out Music Café - Topic: +400  -> target reached
  I Love You Venice: +27  -> exhausted, won't recheck
  Classical Chillout - Topic: +400  -> target reached
  Zen Music Garden - Topic: +400  -> target reached
  Brilliant Classics: +400  -> target reached
  Ian Gregory Blain: +69  -> exhausted, won't recheck
  Pilates - Topic: +4  -> exhausted, won't recheck
  Yellow Brick Cinema - Relaxing Music: +400  -> target reached
  Ed Oomen: +186  -> exhausted, won't recheck
  Jason Lewis - Mind Amend: +400  -> target reached
  HDnatureTV: Relaxing Music & Nature Sounds Videos: +121  -> exhausted, won't recheck
  Classicool: +400  -> target reached
  Muzza Himself: +196  -> exhausted, won't recheck
  BPanther: +400  -> target reached
  Various Artists - Topic: +23  -> exhausted, won't recheck
  Various Artists - Topic: +78  -> exhausted, won't recheck
  Chris Bartels: +400  -> target reached
  Calm Your Dog - Relaxing Music and TV for Dogs: +400  -> target reached
  Various Artists - Topic: +54  -> exhausted, won't recheck
  Wellness Relax Healing: +100  -> exhausted, won't recheck
  Spiritual Sound Clubb - Topic: +400  -> target reached
  Various Artists - Topic: +20  -> exhausted, won't recheck
  Andy Pendeho - Luvka Sound Rec.: +71  -> exhausted, won't recheck
  Geethanjali - Indian Classical Music: +400  -> target reached
  Just Instrumental Music: +214  -> exhausted, won't recheck
  Classical Jazz Academy - Topic: +400  -> target reached
  Various Artists - Topic: +87  -> exhausted, won't recheck
  Wild Grunt: +97  -> exhausted, won't recheck
  SiccasGuitars: +400  -> target reached
  Mr. Timer: +21  -> exhausted, won't recheck
  Classical Music Online - Bach, Beethoven, Mozart: +83  -> exhausted, won't recheck
  Exam Study Classical Music Orchestra - Topic: +400  -> target reached
  Chill Wagon - Topic: +52  -> exhausted, won't recheck
  Robert Lunn: +400  -> target reached
  Specialists of Power Pilates - Topic: +400  -> target reached
  johnnielawson: +309  -> exhausted, won't recheck
  Various Artists - Topic: +64  -> exhausted, won't recheck
  BobCatz Mountain Of Infinite Love & Music IO: +209  -> exhausted, won't recheck
  Classical MPR: +400  -> target reached
  Various Artists - Topic: +25  -> exhausted, won't recheck
  WavesDVDcom: Relax Music & Nature Sounds Videos: +369  -> exhausted, won't recheck
  SoundingsofthePlanet: +400  -> target reached
  P R I M E L O O P S: +209  -> exhausted, won't recheck
  MrLemilica2: +400  -> target reached
  drizzlymusic: +359  -> exhausted, won't recheck
  W P: +10  -> exhausted, won't recheck
  relaxdaily: +304  -> exhausted, won't recheck
  Kabbalistic Village Music: +400  -> target reached
  Chill music hits: +400  -> target reached
  Motion Array: +400  -> target reached
  Chillout Music: +210  -> exhausted, won't recheck
  Polychora: +379  -> exhausted, won't recheck
  SensualMusic4You: +400  -> target reached
  The Second Spirit: +74  -> exhausted, won't recheck
  Juliane Wolf: +102  -> exhausted, won't recheck
  basicLUX Records: +195  -> exhausted, won't recheck
  Witch House Radio: +13  -> exhausted, won't recheck
  nirvanaloungeclub: +400  -> target reached
  Steve0916: +61  -> exhausted, won't recheck
  Riccardo Romano: +400  -> target reached
  Gentleman: +366  -> exhausted, won't recheck
  KRENA: +388  -> exhausted, won't recheck
  esCape: +303  -> exhausted, won't recheck
  Orion Music Network: +400  -> target reached
  KHB Music: +400  -> target reached
  Alveda Music: +400  -> target reached
  K - Kat Blues Jazz: +400  -> target reached
  Nicho Beats: +205  -> exhausted, won't recheck
  Q - Bale: +370  -> exhausted, won't recheck
  musichero: +272  -> exhausted, won't recheck
  CHILLOUT Music Zone: +400  -> target reached
  Aurora B.Polaris: +58  -> exhausted, won't recheck
  TheMusicYouNeed: +400  -> target reached
  Joytastic Sarah: +70  -> exhausted, won't recheck
  Live Music: +400  -> target reached
  xKito Music: +400  -> target reached
  Valiant: +400  -> target reached
  ɨnsomnɨsh: +38  -> exhausted, won't recheck
  Dre_OG Reacts: +400  -> target reached
  Trap City: +400  -> target reached
  Trap Nation: +400  -> target reached
  Marshmello: +400  -> target reached
  Chill Nation: +400  -> target reached
  Future House Music: +400  -> target reached
  House Nation: +400  -> target reached
  RazNitzanMusic: +400  -> target reached
  Selected.: +400  -> target reached
  GameLandVN: +400  -> target reached
  JustinBieberVEVO: +167  -> exhausted, won't recheck
  CalvinHarrisVEVO: +171  -> exhausted, won't recheck
  The Conscious Vibe: +17  -> exhausted, won't recheck
  Simonyàn MVSIIC Philophony: +400  -> target reached
  Ryan Little: +400  -> target reached
  #INSTRUMENTAL MUSIC urbansmoothent: +270  -> exhausted, won't recheck
  NOGYMX: +33  -> exhausted, won't recheck
  Raj E: +223  -> exhausted, won't recheck
  Syros: +32  -> exhausted, won't recheck
  l o w k e y: +127  -> exhausted, won't recheck
  Vodovoz Music Productions: +400  -> target reached
  SoulSearchAndDestroy: +137  -> exhausted, won't recheck
  Silphy Plays: +400  -> target reached
  Duong Thi: +8  -> exhausted, won't recheck
  For the Time Being: +12  -> exhausted, won't recheck
  Sadlilblackboy: +132  -> exhausted, won't recheck
  Background Music Lab: +233  -> exhausted, won't recheck
  CZsWorld: +400  -> target reached
  Mondo Loops: +133  -> exhausted, won't recheck
  Stereofox: +400  -> target reached
  Celestial Aeon Project celtic music & epic music: +400  -> target reached
  Whisperer - Topic: +400  -> target reached
  Zareh Kan - Topic: +400  -> target reached
  Scraperz Noise - Topic: +166  -> exhausted, won't recheck
  seleP - Topic: +200  -> exhausted, won't recheck
  Will Konen - Topic: +97  -> exhausted, won't recheck
  Vincenzo Battaglia - Topic: +159  -> exhausted, won't recheck
  Corner - Topic: +400  -> target reached
  Epizod - Topic: +5  -> exhausted, won't recheck
  Swallen - Topic: +33  -> exhausted, won't recheck
  Maguta - Topic: +400  -> target reached
  Michael Clark - Topic: +226  -> exhausted, won't recheck
  Housephonics - Topic: +400  -> target reached
  Patrik Soderbom - Topic: +169  -> exhausted, won't recheck
  David Herencia - Topic: +256  -> exhausted, won't recheck
  Sickwave - Topic: +118  -> exhausted, won't recheck
  Aiho - Topic: +299  -> exhausted, won't recheck
  Ahmet Sendil - Topic: +120  -> exhausted, won't recheck
  Loggic - Topic: +21  -> exhausted, won't recheck
  Rodrigo Melo - Topic: +45  -> exhausted, won't recheck
  Alejandro Dario - Topic: +24  -> exhausted, won't recheck
  Milf Hunter - Topic: +165  -> exhausted, won't recheck
  Minitronik - Topic: +257  -> exhausted, won't recheck
  Alfonso BZ - Topic: +75  -> exhausted, won't recheck
  Gazzz696: +400  -> target reached
  Novaj 新し: +400  -> target reached
  Bolting Bits: +400  -> target reached
  Houseum: +400  -> target reached
  OOUKFunkyOO: +400  -> target reached
  Slav: +227  -> exhausted, won't recheck
  1M EDM CLOUD: +31  -> exhausted, won't recheck
  Monsterwolf Music: +400  -> target reached
  Minimal Group: +400  -> target reached
  PWhatevah: +20  -> exhausted, won't recheck
  Dark Monkey Music: +400  -> target reached
  Progressive Dreamers: +400  -> target reached
  Trippy Cat Music: +115  -> exhausted, won't recheck
  Egor malchugin Minimal Techno: +162  -> exhausted, won't recheck
  Techno&Minimal Bible Records: +173  -> exhausted, won't recheck
  Manuel Godemann: +400  -> target reached
  Minimal Techno.TV: +400  -> target reached
  Art of Minimal Techno Tripping: +400  -> target reached
  sar casm: +400  -> target reached
  Sergio Polux - SerMezDJ: +3  -> exhausted, won't recheck
  Minimal Flash Music: +149  -> exhausted, won't recheck
  Four On The Floor: +400  -> target reached
  Lo-Fi House: +400  -> target reached
  快樂工作人Cheers TV: +400  -> target reached
  Julien Earle: +400  -> target reached
  by proxy: +62  -> exhausted, won't recheck
  O.S.cillator: +41  -> exhausted, won't recheck
  David Hasert: +159  -> exhausted, won't recheck
  LR 4991: +400  -> target reached
  Deeppa Music: +239  -> exhausted, won't recheck
  DMT/•/TV: +400  -> target reached
  resl: +7  -> exhausted, won't recheck
  Naoki Kenji - Topic: +400  -> target reached
  Cai: +390  -> exhausted, won't recheck
  Monkey D. Sound: +400  -> target reached
  Ｈ Ｏ Ｎ Ｏ Ｌ Ｕ Ｌ Ｕ ♪: +115  -> exhausted, won't recheck
  Guardner - Topic: +27  -> exhausted, won't recheck
  DiffMusic: +17  -> exhausted, won't recheck
  ＩｍｐｅｎｄｉｎｇＲｉｏｔ８３: +99  -> exhausted, won't recheck
  The Essence - Topic: +253  -> exhausted, won't recheck
  THEORY: +248  -> exhausted, won't recheck
  zenchantment: +6  -> exhausted, won't recheck
  RanishaGloss: +73  -> exhausted, won't recheck
  JaxBlade: +400  -> target reached
  Galactik noise: +4  -> exhausted, won't recheck
  Ben C: +157  -> exhausted, won't recheck
  DJ LUCHO: +202  -> exhausted, won't recheck
  Wejustman Records: +344  -> exhausted, won't recheck
  Naturaleza Viva - Sonidos y Paisajes Increíbles: +48  -> exhausted, won't recheck
  Choice Viral: +16  -> exhausted, won't recheck
  Oddly Satisfying: +400  -> target reached
  Barrett Bogan: +167  -> exhausted, won't recheck
  Balu - Relaxing Nature in 4K: +86  -> exhausted, won't recheck
  Respawnd - Gaming Music: +185  -> exhausted, won't recheck
  Aminium Music: +400  -> target reached
  LewisLuong Relaxation Cafe: +400  -> target reached
  HDSounDI: +400  -> target reached
  Gaming Mix Nation: +92  -> exhausted, won't recheck
  Everness: +53  -> exhausted, won't recheck
  Mose: +122  -> exhausted, won't recheck
  Brian Wayy - Topic: +400  -> target reached
  The Afro-Salamat Group: +38  -> exhausted, won't recheck
  Shamanic Drumming World - Topic: +400  -> target reached
  World Circuit Records: +400  -> target reached
  ThePianoGuys: +178  -> exhausted, won't recheck
  Cat Trumpet: +342  -> exhausted, won't recheck
  GRM Daily: +400  -> target reached
  Xorks TV 2: +400  -> target reached
  SuriBeats FM: +400  -> target reached
  Basshall Movement: +393  -> exhausted, won't recheck
  Giom - Topic: +93  -> exhausted, won't recheck
  Denis Melody - Topic: +143  -> exhausted, won't recheck
  Levan - Topic: +43  -> exhausted, won't recheck
  MASIBULELE SOMKOKO: +400  -> target reached
  BlairyFireOSTs IZ: +175  -> exhausted, won't recheck
  Anuka - Topic: +5  -> exhausted, won't recheck
  Spike - Topic: +116  -> exhausted, won't recheck
  LikeDeadChannelMusic: +400  -> target reached
  Flying Circus: +7  -> exhausted, won't recheck
  Labo T.: +70  -> exhausted, won't recheck
  Game of Tens: +86  -> exhausted, won't recheck
  /SUNGER21: +15  -> exhausted, won't recheck
  msck64: +5  -> exhausted, won't recheck
  Original Gangster: +32  -> exhausted, won't recheck
  Cercle: +205  -> exhausted, won't recheck
  Lila Merik: +107  -> exhausted, won't recheck
  KINGSMEN MUSIC: +145  -> exhausted, won't recheck
  The Cocktail Lounge Players - Topic: +400  -> target reached
  ! Pacific: <HttpError 403 when requesting https://youtube.googleapis.com/youtube/v3/playlistItems?part=contentDetails&playlistId=UUZdOFFoAifGKG-8NOlcm7Ow&maxResults=50&pageToken=EAAaHlBUOkNHUWlFRGs0TlRGRlJrVkZSak5FTVRBMU5VUQ&key=REDACTED_YOUTUBE_API_KEY&alt=json returned "The request cannot be completed because you have exceeded your <a href="/youtube/v3/getting-started#quota">quota</a>.". Details: "[{'message': 'The request cannot be completed because you have exceeded your <a href="/youtube/v3/getting-started#quota">quota</a>.', 'domain': 'youtube.quota', 'reason': 'quotaExceeded'}]">
  ! The DJ's Disciple: <HttpError 403 when requesting https://youtube.googleapis.com/youtube/v3/playlistItems?part=contentDetails&playlistId=UUc4ZReO2MqUhLNz0ucFwQgg&maxResults=50&pageToken=EAAaHlBUOkNESWlFRFpHUWpRMk1qTTFOREEyUkVWRlEwVQ&key=REDACTED_YOUTUBE_API_KEY&alt=json returned "The request cannot be completed because you have exceeded your <a href="/youtube/v3/getting-started#quota">quota</a>.". Details: "[{'message': 'The request cannot be completed because you have exceeded your <a href="/youtube/v3/getting-started#quota">quota</a>.', 'domain': 'youtube.quota', 'reason': 'quotaExceeded'}]">
  ! ƁƝƁ Productions: <HttpError 403 when requesting https://youtube.googleapis.com/youtube/v3/playlistItems?part=contentDetails&playlistId=UUlWEEaYXbIXeWNeOGDMZOCQ&maxResults=50&key=REDACTED_YOUTUBE_API_KEY&alt=json returned "The request cannot be completed because you have exceeded your <a href="/youtube/v3/getting-started#quota">quota</a>.". Details: "[{'message': 'The request cannot be completed because you have exceeded your <a href="/youtube/v3/getting-started#quota">quota</a>.', 'domain': 'youtube.quota', 'reason': 'quotaExceeded'}]">
Traceback (most recent call last):
  File "F:\projects\chill\web\master\collector\collect_videos.py", line 292, in <module>
    sys.exit(main())
             ~~~~^^
  File "F:\projects\chill\web\master\collector\collect_videos.py", line 217, in main
    details = fetch_video_details(youtube, new_ids)
  File "F:\projects\chill\web\master\collector\collect_videos.py", line 132, in fetch_video_details
    resp = youtube.videos().list(part="snippet,contentDetails,statistics", id=",".join(batch)).execute()
  File "F:\projects\chill\web\master\collector\.venv\Lib\site-packages\googleapiclient\_helpers.py", line 130, in positional_wrapper
    return wrapped(*args, **kwargs)
  File "F:\projects\chill\web\master\collector\.venv\Lib\site-packages\googleapiclient\http.py", line 938, in execute
    raise HttpError(resp, content, uri=self.uri)
googleapiclient.errors.HttpError: <HttpError 403 when requesting https://youtube.googleapis.com/youtube/v3/videos?part=snippet%2CcontentDetails%2Cstatistics&id=0_x0xdRMOh8%2CHFo1I59DwkE%2CrwMazAo1Z7Y%2CyrjRQQdkPGw%2CAqVSMfwvaqk%2CvxOxTK4B8jk%2CscsCkyUGEM4%2C_Uq2XCykKFg%2CvbP3rdljFqM%2CBIZMz1Q8eUc%2CSpe74JMnTZw%2Cch4b10l1_0I%2CZPewmRz0YiY%2CbtG1Xervc3o%2Cy1pVzMLArxE%2Czjz5McQX0bQ%2Cg-p9rmVPL3Y%2C2YXrGFZFvDk%2C6p0ulB389jE%2CFWqC7MxYfL8%2CoIfMwimFz5g%2CIOt0B1r7yGc%2CaJGecyIEJSc%2CJyAUpaffNtI%2Cxxsey0Qp_z8%2CfHTGsIobqqc%2CIzNGX1zH8qw%2C9BjDQqmuBE8%2Ce0KxR3E9FaM%2CMtZCtmIa98Y%2C37UIPpYTDVo%2CiNR2WDjYQ74%2C23_dd6n1UY4%2C5xs99z-vu2I%2CeFyqOOHHTEo%2CnomdJtSdhFQ%2CZ-Ig3Re-hbI%2CkIT_eOobZpc%2CW28TF6oBx5w%2CtZCH0s8obes%2C5VWCfmFhHBs%2C5GqNfjO0pSA%2CsxojU1fmxes%2CXjvYP5MT20Y%2C6IkJqOg8LFU%2CEiYoCeYGHeI%2CJGP459vvqqM%2CtTPNQ83JdOI%2Cud-C0rAWxAQ%2C4ei_sOYXI5o&key=REDACTED_YOUTUBE_API_KEY&alt=json returned "The request cannot be completed because you have exceeded your <a href="/youtube/v3/getting-started#quota">quota</a>.". Details: "[{'message': 'The request cannot be completed because you have exceeded your <a href="/youtube/v3/getting-started#quota">quota</a>.', 'domain': 'youtube.quota', 'reason': 'quotaExceeded'}]">
>>> STOPPING: quota exceeded
